#
# There is insufficient memory for the Java Runtime Environment to continue.
# Native memory allocation (malloc) failed to allocate 1048576 bytes. Error detail: AllocateHeap
# Possible reasons:
#   The system is out of physical RAM or swap space
#   This process is running with CompressedOops enabled, and the Java Heap may be blocking the growth of the native heap
# Possible solutions:
#   Reduce memory load on the system
#   Increase physical memory or swap space
#   Check if swap backing store is full
#   Decrease Java heap size (-Xmx/-Xms)
#   Decrease number of Java threads
#   Decrease Java thread stack sizes (-Xss)
#   Set larger code cache with -XX:ReservedCodeCacheSize=
#   JVM is running with Unscaled Compressed Oops mode in which the Java heap is
#     placed in the first 4GB address space. The Java Heap base address is the
#     maximum limit for the native heap growth. Please use -XX:HeapBaseMinAddress
#     to set the Java Heap base and to place the Java Heap above 4GB virtual address.
# This output file may be truncated or incomplete.
#
#  Out of Memory Error (allocation.cpp:44), pid=11032, tid=11488
#
# JRE version:  (21.0.10+7) (build )
# Java VM: OpenJDK 64-Bit Server VM (21.0.10+7-LTS, mixed mode, tiered, compressed oops, compressed class ptrs, parallel gc, windows-amd64)
# No core dump will be written. Minidumps are not enabled by default on client versions of Windows
#

---------------  S U M M A R Y ------------

Command Line: --add-modules=ALL-SYSTEM --add-opens=java.base/java.util=ALL-UNNAMED --add-opens=java.base/java.lang=ALL-UNNAMED --add-opens=java.base/sun.nio.fs=ALL-UNNAMED -Declipse.application=org.eclipse.jdt.ls.core.id1 -Dosgi.bundles.defaultStartLevel=4 -Declipse.product=org.eclipse.jdt.ls.core.product -Djava.import.generatesMetadataFilesAtProjectRoot=false -DDetectVMInstallationsJob.disabled=true -Dfile.encoding=utf8 -XX:+UseParallelGC -XX:GCTimeRatio=4 -XX:AdaptiveSizePolicyWeight=90 -Dsun.zip.disableMemoryMapping=true -Xmx2G -Xms100m -Xlog:disable -javaagent:c:\Users\X\.vscode\extensions\redhat.java-1.53.0-win32-x64\lombok\lombok-1.18.39-4050.jar c:\Users\X\.vscode\extensions\redhat.java-1.53.0-win32-x64\server\plugins\org.eclipse.equinox.launcher_1.7.100.v20251111-0406.jar -configuration c:\Users\X\AppData\Roaming\Code\User\globalStorage\redhat.java\1.53.0\config_ss_win -data c:\Users\X\AppData\Roaming\Code\User\workspaceStorage\15765cfcf91ded17620fbb668db395bc\redhat.java\ss_ws --pipe=\\.\pipe\lsp-ee20bc398adfd5df8cdd456429b78392-sock

Host: Intel(R) Core(TM) i7-5500U CPU @ 2.40GHz, 4 cores, 7G,  Windows 10 , 64 bit Build 19041 (10.0.19041.5915)
Time: Mon May  4 21:26:32 2026 Hora est. Pacífico, Sudamérica elapsed time: 1.171603 seconds (0d 0h 0m 1s)

---------------  T H R E A D  ---------------

Current thread (0x0000024a11dc19b0):  JavaThread "Unknown thread" [_thread_in_vm, id=11488, stack(0x00000059a3e00000,0x00000059a3f00000) (1024K)]

Stack: [0x00000059a3e00000,0x00000059a3f00000]
Native frames: (J=compiled Java code, j=interpreted, Vv=VM code, C=native code)
V  [jvm.dll+0x6d7a39]
V  [jvm.dll+0x8b4b26]
V  [jvm.dll+0x8b70de]
V  [jvm.dll+0x8b77c3]
V  [jvm.dll+0x284346]
V  [jvm.dll+0xc1277]
V  [jvm.dll+0x70ba02]
V  [jvm.dll+0x70c73c]
V  [jvm.dll+0x6e65d3]
V  [jvm.dll+0x87f17c]
V  [jvm.dll+0x3c49fc]
V  [jvm.dll+0x867e6b]
V  [jvm.dll+0x457b31]
V  [jvm.dll+0x459721]
C  [jli.dll+0x52d0]
C  [ucrtbase.dll+0x21bb2]
C  [KERNEL32.DLL+0x17374]
C  [ntdll.dll+0x4cc91]


---------------  P R O C E S S  ---------------

Threads class SMR info:
_java_thread_list=0x0000024a11e2f0c0, length=1, elements={
0x0000024a11dc19b0
}

Java Threads: ( => current thread )
=>0x0000024a11dc19b0 JavaThread "Unknown thread"             [_thread_in_vm, id=11488, stack(0x00000059a3e00000,0x00000059a3f00000) (1024K)]
Total: 1

Other Threads:
  0x0000024a2875bc60 WatcherThread "VM Periodic Task Thread"        [id=2724, stack(0x00000059a4000000,0x00000059a4100000) (1024K)]
  0x0000024a11ddf030 WorkerThread "GC Thread#0"                     [id=6652, stack(0x00000059a3f00000,0x00000059a4000000) (1024K)]
Total: 2

Threads with active compile tasks:
Total: 0

VM state: not at safepoint (normal execution)

VM Mutex/Monitor currently owned by a thread: None

Heap address: 0x0000000080000000, size: 2048 MB, Compressed Oops mode: 32-bit

CDS archive(s) not mapped
Compressed class space mapped at: 0x0000000100000000-0x0000000140000000, reserved size: 1073741824
Narrow klass base: 0x0000000000000000, Narrow klass shift: 3, Narrow klass range: 0x140000000

GC Precious Log:
 CardTable entry size: 512
 CPUs: 4 total, 4 available
 Memory: 8091M
 Large Page Support: Disabled
 NUMA Support: Disabled
 Compressed Oops: Enabled (32-bit)
 Alignments: Space 512K, Generation 512K, Heap 2M
 Heap Min Capacity: 100M
 Heap Initial Capacity: 100M
 Heap Max Capacity: 2G
 Pre-touch: Disabled
 Parallel Workers: 4

Heap:
 PSYoungGen      total 29696K, used 512K [0x00000000d5580000, 0x00000000d7680000, 0x0000000100000000)
  eden space 25600K, 2% used [0x00000000d5580000,0x00000000d5600070,0x00000000d6e80000)
  from space 4096K, 0% used [0x00000000d7280000,0x00000000d7280000,0x00000000d7680000)
  to   space 4096K, 0% used [0x00000000d6e80000,0x00000000d6e80000,0x00000000d7280000)
 ParOldGen       total 68608K, used 0K [0x0000000080000000, 0x0000000084300000, 0x00000000d5580000)
  object space 68608K, 0% used [0x0000000080000000,0x0000000080000000,0x0000000084300000)
 Metaspace       used 1381K, committed 1408K, reserved 1114112K
  class space    used 111K, committed 128K, reserved 1048576K

Card table byte_map: [0x0000024a11770000,0x0000024a11b80000] _byte_map_base: 0x0000024a11370000

Marking Bits: (ParMarkBitMap*) 0x00007ffccaf03450
 Begin Bits: [0x0000024a24280000, 0x0000024a26280000)
 End Bits:   [0x0000024a26280000, 0x0000024a28280000)

Polling page: 0x0000024a0fdb0000

Metaspace:

Usage:
  Non-class:      1.24 MB used.
      Class:    111.10 KB used.
       Both:      1.35 MB used.

Virtual space:
  Non-class space:       64.00 MB reserved,       1.25 MB (  2%) committed,  1 nodes.
      Class space:        1.00 GB reserved,     128.00 KB ( <1%) committed,  1 nodes.
             Both:        1.06 GB reserved,       1.38 MB ( <1%) committed. 

Chunk freelists:
   Non-Class:  12.00 MB
       Class:  15.75 MB
        Both:  27.75 MB

MaxMetaspaceSize: unlimited
CompressedClassSpaceSize: 1.00 GB
Initial GC threshold: 21.00 MB
Current GC threshold: 17179869184.00 GB
CDS: off
 - commit_granule_bytes: 65536.
 - commit_granule_words: 8192.
 - virtual_space_node_default_size: 8388608.
 - enlarge_chunks_in_place: 1.
 - use_allocation_guard: 0.


Internal statistics:

num_allocs_failed_limit: 0.
num_arena_births: 2.
num_arena_deaths: 0.
num_vsnodes_births: 2.
num_vsnodes_deaths: 0.
num_space_committed: 22.
num_space_uncommitted: 0.
num_chunks_returned_to_freelist: 0.
num_chunks_taken_from_freelist: 3.
num_chunk_merges: 0.
num_chunk_splits: 2.
num_chunks_enlarged: 0.
num_inconsistent_stats: 0.

CodeHeap 'non-profiled nmethods': size=120000Kb used=0Kb max_used=0Kb free=120000Kb
 bounds [0x0000024a1caa0000, 0x0000024a1cd10000, 0x0000024a23fd0000]
CodeHeap 'profiled nmethods': size=120000Kb used=0Kb max_used=0Kb free=120000Kb
 bounds [0x0000024a14fd0000, 0x0000024a15240000, 0x0000024a1c500000]
CodeHeap 'non-nmethods': size=5760Kb used=194Kb max_used=342Kb free=5565Kb
 bounds [0x0000024a1c500000, 0x0000024a1c770000, 0x0000024a1caa0000]
CodeCache: size=245760Kb, used=194Kb, max_used=342Kb, free=245565Kb
 total_blobs=70, nmethods=0, adapters=48, full_count=0
Compilation: enabled, stopped_count=0, restarted_count=0

Compilation events (0 events):
No events

GC Heap History (0 events):
No events

Dll operation events (2 events):
Event: 0.697 Loaded shared library c:\Users\X\.vscode\extensions\redhat.java-1.53.0-win32-x64\jre\21.0.10-win32-x86_64\bin\java.dll
Event: 0.951 Loaded shared library c:\Users\X\.vscode\extensions\redhat.java-1.53.0-win32-x64\jre\21.0.10-win32-x86_64\bin\zip.dll

Deoptimization events (0 events):
No events

Classes loaded (20 events):
Event: 1.099 Loading class java/util/Iterator
Event: 1.124 Loading class java/util/Iterator done
Event: 1.124 Loading class java/lang/reflect/RecordComponent
Event: 1.126 Loading class java/lang/reflect/RecordComponent done
Event: 1.126 Loading class jdk/internal/vm/vector/VectorSupport
Event: 1.128 Loading class jdk/internal/vm/vector/VectorSupport done
Event: 1.128 Loading class jdk/internal/vm/vector/VectorSupport$VectorPayload
Event: 1.128 Loading class jdk/internal/vm/vector/VectorSupport$VectorPayload done
Event: 1.128 Loading class jdk/internal/vm/vector/VectorSupport$Vector
Event: 1.129 Loading class jdk/internal/vm/vector/VectorSupport$Vector done
Event: 1.129 Loading class jdk/internal/vm/vector/VectorSupport$VectorMask
Event: 1.129 Loading class jdk/internal/vm/vector/VectorSupport$VectorMask done
Event: 1.129 Loading class jdk/internal/vm/vector/VectorSupport$VectorShuffle
Event: 1.129 Loading class jdk/internal/vm/vector/VectorSupport$VectorShuffle done
Event: 1.129 Loading class jdk/internal/vm/FillerObject
Event: 1.129 Loading class jdk/internal/vm/FillerObject done
Event: 1.142 Loading class java/lang/NullPointerException
Event: 1.142 Loading class java/lang/NullPointerException done
Event: 1.142 Loading class java/lang/ArithmeticException
Event: 1.142 Loading class java/lang/ArithmeticException done

Classes unloaded (0 events):
No events

Classes redefined (0 events):
No events

Internal exceptions (0 events):
No events

ZGC Phase Switch (0 events):
No events

VM Operations (0 events):
No events

Memory protections (0 events):
No events

Nmethod flushes (0 events):
No events

Events (1 events):
Event: 0.799 Thread 0x0000024a11dc19b0 Thread added: 0x0000024a11dc19b0


Dynamic libraries:
0x00007ff69d9b0000 - 0x00007ff69d9be000 	c:\Users\X\.vscode\extensions\redhat.java-1.53.0-win32-x64\jre\21.0.10-win32-x86_64\bin\java.exe
0x00007ffd37bf0000 - 0x00007ffd37de8000 	C:\Windows\SYSTEM32\ntdll.dll
0x00007ffd35d70000 - 0x00007ffd35e32000 	C:\Windows\System32\KERNEL32.DLL
0x00007ffd357b0000 - 0x00007ffd35aa6000 	C:\Windows\System32\KERNELBASE.dll
0x00007ffd355f0000 - 0x00007ffd356f0000 	C:\Windows\System32\ucrtbase.dll
0x00007ffd1b9c0000 - 0x00007ffd1b9de000 	c:\Users\X\.vscode\extensions\redhat.java-1.53.0-win32-x64\jre\21.0.10-win32-x86_64\bin\VCRUNTIME140.dll
0x00007ffd17f60000 - 0x00007ffd17f78000 	c:\Users\X\.vscode\extensions\redhat.java-1.53.0-win32-x64\jre\21.0.10-win32-x86_64\bin\jli.dll
0x00007ffd36580000 - 0x00007ffd36721000 	C:\Windows\System32\USER32.dll
0x00007ffd356f0000 - 0x00007ffd35712000 	C:\Windows\System32\win32u.dll
0x00007ffd363a0000 - 0x00007ffd363cb000 	C:\Windows\System32\GDI32.dll
0x00007ffd352d0000 - 0x00007ffd353e9000 	C:\Windows\System32\gdi32full.dll
0x00007ffd35420000 - 0x00007ffd354bd000 	C:\Windows\System32\msvcp_win.dll
0x00007ffd25980000 - 0x00007ffd25c1b000 	C:\Windows\WinSxS\amd64_microsoft.windows.common-controls_6595b64144ccf1df_6.0.19041.6456_none_60b8a6cb71f64256\COMCTL32.dll
0x00007ffd37280000 - 0x00007ffd3731e000 	C:\Windows\System32\msvcrt.dll
0x00007ffd35c10000 - 0x00007ffd35c3f000 	C:\Windows\System32\IMM32.DLL
0x00007ffd24490000 - 0x00007ffd2449c000 	c:\Users\X\.vscode\extensions\redhat.java-1.53.0-win32-x64\jre\21.0.10-win32-x86_64\bin\vcruntime140_1.dll
0x00007ffd0cf90000 - 0x00007ffd0d01d000 	c:\Users\X\.vscode\extensions\redhat.java-1.53.0-win32-x64\jre\21.0.10-win32-x86_64\bin\msvcp140.dll
0x00007ffcca240000 - 0x00007ffccafe1000 	c:\Users\X\.vscode\extensions\redhat.java-1.53.0-win32-x64\jre\21.0.10-win32-x86_64\bin\server\jvm.dll
0x00007ffd360d0000 - 0x00007ffd36181000 	C:\Windows\System32\ADVAPI32.dll
0x00007ffd36280000 - 0x00007ffd3631f000 	C:\Windows\System32\sechost.dll
0x00007ffd37320000 - 0x00007ffd37440000 	C:\Windows\System32\RPCRT4.dll
0x00007ffd353f0000 - 0x00007ffd35417000 	C:\Windows\System32\bcrypt.dll
0x00007ffd36d80000 - 0x00007ffd36deb000 	C:\Windows\System32\WS2_32.dll
0x00007ffd34810000 - 0x00007ffd3485b000 	C:\Windows\SYSTEM32\POWRPROF.dll
0x00007ffd27810000 - 0x00007ffd27837000 	C:\Windows\SYSTEM32\WINMM.dll
0x00007ffd2e640000 - 0x00007ffd2e64a000 	C:\Windows\SYSTEM32\VERSION.dll
0x00007ffd34680000 - 0x00007ffd34692000 	C:\Windows\SYSTEM32\UMPDC.dll
0x00007ffd330f0000 - 0x00007ffd33102000 	C:\Windows\SYSTEM32\kernel.appcore.dll
0x00007ffd22880000 - 0x00007ffd2288a000 	c:\Users\X\.vscode\extensions\redhat.java-1.53.0-win32-x64\jre\21.0.10-win32-x86_64\bin\jimage.dll
0x00007ffd27540000 - 0x00007ffd27741000 	C:\Windows\SYSTEM32\DBGHELP.DLL
0x00007ffd21520000 - 0x00007ffd21554000 	C:\Windows\SYSTEM32\dbgcore.DLL
0x00007ffd35720000 - 0x00007ffd357a2000 	C:\Windows\System32\bcryptPrimitives.dll
0x00007ffd21be0000 - 0x00007ffd21bef000 	c:\Users\X\.vscode\extensions\redhat.java-1.53.0-win32-x64\jre\21.0.10-win32-x86_64\bin\instrument.dll
0x00007ffd12dc0000 - 0x00007ffd12de0000 	c:\Users\X\.vscode\extensions\redhat.java-1.53.0-win32-x64\jre\21.0.10-win32-x86_64\bin\java.dll
0x00007ffd12090000 - 0x00007ffd120a8000 	c:\Users\X\.vscode\extensions\redhat.java-1.53.0-win32-x64\jre\21.0.10-win32-x86_64\bin\zip.dll

JVMTI agents:
c:\Users\X\.vscode\extensions\redhat.java-1.53.0-win32-x64\lombok\lombok-1.18.39-4050.jar path:none, loaded, not initialized, instrumentlib options:none

dbghelp: loaded successfully - version: 4.0.5 - missing functions: none
symbol engine: initialized successfully - sym options: 0x614 - pdb path: .;c:\Users\X\.vscode\extensions\redhat.java-1.53.0-win32-x64\jre\21.0.10-win32-x86_64\bin;C:\Windows\SYSTEM32;C:\Windows\WinSxS\amd64_microsoft.windows.common-controls_6595b64144ccf1df_6.0.19041.6456_none_60b8a6cb71f64256;c:\Users\X\.vscode\extensions\redhat.java-1.53.0-win32-x64\jre\21.0.10-win32-x86_64\bin\server

VM Arguments:
jvm_args: --add-modules=ALL-SYSTEM --add-opens=java.base/java.util=ALL-UNNAMED --add-opens=java.base/java.lang=ALL-UNNAMED --add-opens=java.base/sun.nio.fs=ALL-UNNAMED -Declipse.application=org.eclipse.jdt.ls.core.id1 -Dosgi.bundles.defaultStartLevel=4 -Declipse.product=org.eclipse.jdt.ls.core.product -Djava.import.generatesMetadataFilesAtProjectRoot=false -DDetectVMInstallationsJob.disabled=true -Dfile.encoding=utf8 -XX:+UseParallelGC -XX:GCTimeRatio=4 -XX:AdaptiveSizePolicyWeight=90 -Dsun.zip.disableMemoryMapping=true -Xmx2G -Xms100m -Xlog:disable -javaagent:c:\Users\X\.vscode\extensions\redhat.java-1.53.0-win32-x64\lombok\lombok-1.18.39-4050.jar 
java_command: c:\Users\X\.vscode\extensions\redhat.java-1.53.0-win32-x64\server\plugins\org.eclipse.equinox.launcher_1.7.100.v20251111-0406.jar -configuration c:\Users\X\AppData\Roaming\Code\User\globalStorage\redhat.java\1.53.0\config_ss_win -data c:\Users\X\AppData\Roaming\Code\User\workspaceStorage\15765cfcf91ded17620fbb668db395bc\redhat.java\ss_ws --pipe=\\.\pipe\lsp-ee20bc398adfd5df8cdd456429b78392-sock
java_class_path (initial): c:\Users\X\.vscode\extensions\redhat.java-1.53.0-win32-x64\server\plugins\org.eclipse.equinox.launcher_1.7.100.v20251111-0406.jar
Launcher Type: SUN_STANDARD

[Global flags]
    uintx AdaptiveSizePolicyWeight                 = 90                                        {product} {command line}
     intx CICompilerCount                          = 3                                         {product} {ergonomic}
    uintx GCTimeRatio                              = 4                                         {product} {command line}
   size_t InitialHeapSize                          = 104857600                                 {product} {command line}
   size_t MaxHeapSize                              = 2147483648                                {product} {command line}
   size_t MaxNewSize                               = 715653120                                 {product} {ergonomic}
   size_t MinHeapDeltaBytes                        = 524288                                    {product} {ergonomic}
   size_t MinHeapSize                              = 104857600                                 {product} {command line}
   size_t NewSize                                  = 34603008                                  {product} {ergonomic}
    uintx NonNMethodCodeHeapSize                   = 5832780                                {pd product} {ergonomic}
    uintx NonProfiledCodeHeapSize                  = 122912730                              {pd product} {ergonomic}
   size_t OldSize                                  = 70254592                                  {product} {ergonomic}
    uintx ProfiledCodeHeapSize                     = 122912730                              {pd product} {ergonomic}
    uintx ReservedCodeCacheSize                    = 251658240                              {pd product} {ergonomic}
     bool SegmentedCodeCache                       = true                                      {product} {ergonomic}
   size_t SoftMaxHeapSize                          = 2147483648                             {manageable} {ergonomic}
     bool UseCompressedOops                        = true                           {product lp64_product} {ergonomic}
     bool UseLargePagesIndividualAllocation        = false                                  {pd product} {ergonomic}
     bool UseParallelGC                            = true                                      {product} {command line}

Logging:
Log output configuration:
 #0: stdout all=off uptime,level,tags foldmultilines=false
 #1: stderr all=off uptime,level,tags foldmultilines=false

Release file:
<release file has not been read>
Environment Variables:
PATH=C:\Users\X\AppData\Local\Programs\Microsoft VS Code;C:\Program Files\Eclipse Adoptium\jdk-25.0.2.10-hotspot\bin;C:\Program Files (x86)\Common Files\Oracle\Java\java8path;C:\Program Files (x86)\Common Files\Oracle\Java\javapath;C:\Windows\system32;C:\Windows;C:\Windows\System32\Wbem;C:\Windows\System32\WindowsPowerShell\v1.0\;C:\Windows\System32\OpenSSH\;C:\Program Files (x86)\NVIDIA Corporation\PhysX\Common;C:\Program Files (x86)\Microsoft SQL Server\160\DTS\Binn\;C:\Program Files\nodejs\;C:\Program Files (x86)\Microsoft SQL Server\160\Tools\Binn\;C:\Program Files\Microsoft SQL Server\160\Tools\Binn\;C:\Program Files\Microsoft SQL Server\Client SDK\ODBC\170\Tools\Binn\;C:\Program Files\Microsoft SQL Server\160\DTS\Binn\;C:\Program Files\Git\cmd;C:\Program Files\NVIDIA Corporation\NVIDIA app\NvDLISR;C:\Users\X\AppData\Local\Programs\Python\Python313\Scripts\;C:\Users\X\AppData\Local\Programs\Python\Python313;C:\Users\X\AppData\Local\Programs\Python\Launcher\;C:\Users\X\AppData\Local\Microsoft\WindowsApps;C:\Users\X\AppData\Local\spicetify;C:\Users\X\AppData\Local\Programs\Microsoft VS Code\bin;C:\Users\X\AppData\Local\Microsoft\WinGet\Packages\Schniz.fnm_Microsoft.Winget.Source_8wekyb3d8bbwe;C:\Users\X\AppData\Roaming\npm;C:\Users\X\AppData\Local\Programs\Python\Python313\Scripts;C:\Users\X\AppData\Local\Programs\Python\Python313;C:\Users\X\AppData\Local\Programs\Python\Python313\Scripts\;C:\Users\X\AppData\Local\Python\bin
USERNAME=X
OS=Windows_NT
PROCESSOR_IDENTIFIER=Intel64 Family 6 Model 61 Stepping 4, GenuineIntel
TMP=C:\Users\X\AppData\Local\Temp
TEMP=C:\Users\X\AppData\Local\Temp




Periodic native trim disabled

---------------  S Y S T E M  ---------------

OS:
 Windows 10 , 64 bit Build 19041 (10.0.19041.5915)
OS uptime: 0 days 11:25 hours

CPU: total 4 (initial active 4) (2 cores per cpu, 2 threads per core) family 6 model 61 stepping 4 microcode 0x2d, cx8, cmov, fxsr, ht, mmx, 3dnowpref, sse, sse2, sse3, ssse3, sse4.1, sse4.2, popcnt, lzcnt, tsc, tscinvbit, avx, avx2, aes, erms, clmul, bmi1, bmi2, adx, fma, vzeroupper, clflush, rdtscp, f16c
Processor Information for the first 4 processors :
  Max Mhz: 2401, Current Mhz: 2400, Mhz Limit: 2376

Memory: 4k page, system-wide physical 8091M (710M free)
TotalPageFile size 10139M (AvailPageFile size 7M)
current process WorkingSet (physical memory assigned to process): 16M, peak: 16M
current process commit charge ("private bytes"): 189M, peak: 190M

vm_info: OpenJDK 64-Bit Server VM (21.0.10+7-LTS) for windows-amd64 JRE (21.0.10+7-LTS), built on 2026-01-20T00:00:00Z by "admin" with MS VC++ 17.12 (VS2022)

END.
